Information: Propagating switching activity (low effort zero delay simulation). (PWR-6)
Warning: Design has unannotated primary inputs. (PWR-414)
Warning: Design has unannotated sequential cell outputs. (PWR-415)
 
****************************************
Report : power
        -analysis_effort low
Design : mkTest
Version: O-2018.06-SP5-4
Date   : Fri May 24 02:09:00 2024
****************************************


Library(s) Used:

    tsl18fs120_scl_ss (File: /home/mtech/tools/pdk/180nm/stdlib/fs120/liberty/lib_flow_ss/tsl18fs120_scl_ss.db)


Operating Conditions: tsl18fs120_scl_ss   Library: tsl18fs120_scl_ss
Wire Load Model Mode: top

Design        Wire Load Model            Library
------------------------------------------------
mkTest                 540000            tsl18fs120_scl_ss


Global Operating Voltage = 1.62 
Power-specific unit information :
    Voltage Units = 1V
    Capacitance Units = 1.000000pf
    Time Units = 1ns
    Dynamic Power Units = 1mW    (derived from V,C,T units)
    Leakage Power Units = 1pW


  Cell Internal Power  =   6.5609 mW   (47%)
  Net Switching Power  =   7.5444 mW   (53%)
                         ---------
Total Dynamic Power    =  14.1053 mW  (100%)

Cell Leakage Power     =   4.5901 uW


                 Internal         Switching           Leakage            Total
Power Group      Power            Power               Power              Power   (   %    )  Attrs
--------------------------------------------------------------------------------------------------
io_pad             0.0000            0.0000            0.0000            0.0000  (   0.00%)
memory             0.0000            0.0000            0.0000            0.0000  (   0.00%)
black_box          0.0000            0.0000            0.0000            0.0000  (   0.00%)
clock_network      0.0000            0.0000            0.0000            0.0000  (   0.00%)
register           0.4022        6.5335e-03        6.6966e+04            0.4088  (   2.90%)
sequential         0.0000            0.0000            0.0000            0.0000  (   0.00%)
combinational      6.1587            7.5378        4.5231e+06           13.7011  (  97.10%)
--------------------------------------------------------------------------------------------------
Total              6.5609 mW         7.5444 mW     4.5901e+06 pW        14.1099 mW
1
