Warning: duplicate option '-nosplit' overrides previous value. (CMD-018)
 
****************************************
Report : timing
        -path full
        -delay max
        -group f2o
        -max_paths 20
        -transition_time
        -capacitance
Design : mkTest
Version: O-2018.06-SP5-4
Date   : Thu May 23 21:16:50 2024
****************************************

Operating Conditions: tsl18fs120_scl_ss   Library: tsl18fs120_scl_ss
Wire Load Model Mode: top

  Startpoint: p_reg_27_ (rising edge-triggered flip-flop clocked by CLK)
  Endpoint: result[27] (output port clocked by CLK)
  Path Group: f2o
  Path Type: max

  Des/Clust/Port     Wire Load Model       Library
  ------------------------------------------------
  mkTest             540000                tsl18fs120_scl_ss

  Point                           Cap     Trans      Incr       Path
  ---------------------------------------------------------------------
  clock CLK (rise edge)                             0.000      0.000
  clock network delay (ideal)                       0.000      0.000
  p_reg_27_/CP (denrq1)                   0.000     0.000      0.000 r
  p_reg_27_/Q (denrq1)          0.006     0.116     0.534      0.534 r
  result[27] (out)                        0.116     0.000      0.534 r
  data arrival time                                            0.534

  clock CLK (rise edge)                            10.000     10.000
  clock network delay (ideal)                       0.000     10.000
  clock uncertainty                                -0.200      9.800
  output external delay                            -2.500      7.300
  data required time                                           7.300
  ---------------------------------------------------------------------
  data required time                                           7.300
  data arrival time                                           -0.534
  ---------------------------------------------------------------------
  slack (MET)                                                  6.766


  Startpoint: p_reg_26_ (rising edge-triggered flip-flop clocked by CLK)
  Endpoint: result[26] (output port clocked by CLK)
  Path Group: f2o
  Path Type: max

  Des/Clust/Port     Wire Load Model       Library
  ------------------------------------------------
  mkTest             540000                tsl18fs120_scl_ss

  Point                           Cap     Trans      Incr       Path
  ---------------------------------------------------------------------
  clock CLK (rise edge)                             0.000      0.000
  clock network delay (ideal)                       0.000      0.000
  p_reg_26_/CP (denrq1)                   0.000     0.000      0.000 r
  p_reg_26_/Q (denrq1)          0.006     0.116     0.534      0.534 r
  result[26] (out)                        0.116     0.000      0.534 r
  data arrival time                                            0.534

  clock CLK (rise edge)                            10.000     10.000
  clock network delay (ideal)                       0.000     10.000
  clock uncertainty                                -0.200      9.800
  output external delay                            -2.500      7.300
  data required time                                           7.300
  ---------------------------------------------------------------------
  data required time                                           7.300
  data arrival time                                           -0.534
  ---------------------------------------------------------------------
  slack (MET)                                                  6.766


  Startpoint: p_reg_25_ (rising edge-triggered flip-flop clocked by CLK)
  Endpoint: result[25] (output port clocked by CLK)
  Path Group: f2o
  Path Type: max

  Des/Clust/Port     Wire Load Model       Library
  ------------------------------------------------
  mkTest             540000                tsl18fs120_scl_ss

  Point                           Cap     Trans      Incr       Path
  ---------------------------------------------------------------------
  clock CLK (rise edge)                             0.000      0.000
  clock network delay (ideal)                       0.000      0.000
  p_reg_25_/CP (denrq1)                   0.000     0.000      0.000 r
  p_reg_25_/Q (denrq1)          0.006     0.116     0.534      0.534 r
  result[25] (out)                        0.116     0.000      0.534 r
  data arrival time                                            0.534

  clock CLK (rise edge)                            10.000     10.000
  clock network delay (ideal)                       0.000     10.000
  clock uncertainty                                -0.200      9.800
  output external delay                            -2.500      7.300
  data required time                                           7.300
  ---------------------------------------------------------------------
  data required time                                           7.300
  data arrival time                                           -0.534
  ---------------------------------------------------------------------
  slack (MET)                                                  6.766


  Startpoint: p_reg_24_ (rising edge-triggered flip-flop clocked by CLK)
  Endpoint: result[24] (output port clocked by CLK)
  Path Group: f2o
  Path Type: max

  Des/Clust/Port     Wire Load Model       Library
  ------------------------------------------------
  mkTest             540000                tsl18fs120_scl_ss

  Point                           Cap     Trans      Incr       Path
  ---------------------------------------------------------------------
  clock CLK (rise edge)                             0.000      0.000
  clock network delay (ideal)                       0.000      0.000
  p_reg_24_/CP (denrq1)                   0.000     0.000      0.000 r
  p_reg_24_/Q (denrq1)          0.006     0.116     0.534      0.534 r
  result[24] (out)                        0.116     0.000      0.534 r
  data arrival time                                            0.534

  clock CLK (rise edge)                            10.000     10.000
  clock network delay (ideal)                       0.000     10.000
  clock uncertainty                                -0.200      9.800
  output external delay                            -2.500      7.300
  data required time                                           7.300
  ---------------------------------------------------------------------
  data required time                                           7.300
  data arrival time                                           -0.534
  ---------------------------------------------------------------------
  slack (MET)                                                  6.766


  Startpoint: p_reg_22_ (rising edge-triggered flip-flop clocked by CLK)
  Endpoint: result[22] (output port clocked by CLK)
  Path Group: f2o
  Path Type: max

  Des/Clust/Port     Wire Load Model       Library
  ------------------------------------------------
  mkTest             540000                tsl18fs120_scl_ss

  Point                           Cap     Trans      Incr       Path
  ---------------------------------------------------------------------
  clock CLK (rise edge)                             0.000      0.000
  clock network delay (ideal)                       0.000      0.000
  p_reg_22_/CP (denrq1)                   0.000     0.000      0.000 r
  p_reg_22_/Q (denrq1)          0.006     0.116     0.534      0.534 r
  result[22] (out)                        0.116     0.000      0.534 r
  data arrival time                                            0.534

  clock CLK (rise edge)                            10.000     10.000
  clock network delay (ideal)                       0.000     10.000
  clock uncertainty                                -0.200      9.800
  output external delay                            -2.500      7.300
  data required time                                           7.300
  ---------------------------------------------------------------------
  data required time                                           7.300
  data arrival time                                           -0.534
  ---------------------------------------------------------------------
  slack (MET)                                                  6.766


  Startpoint: p_reg_21_ (rising edge-triggered flip-flop clocked by CLK)
  Endpoint: result[21] (output port clocked by CLK)
  Path Group: f2o
  Path Type: max

  Des/Clust/Port     Wire Load Model       Library
  ------------------------------------------------
  mkTest             540000                tsl18fs120_scl_ss

  Point                           Cap     Trans      Incr       Path
  ---------------------------------------------------------------------
  clock CLK (rise edge)                             0.000      0.000
  clock network delay (ideal)                       0.000      0.000
  p_reg_21_/CP (denrq1)                   0.000     0.000      0.000 r
  p_reg_21_/Q (denrq1)          0.006     0.116     0.534      0.534 r
  result[21] (out)                        0.116     0.000      0.534 r
  data arrival time                                            0.534

  clock CLK (rise edge)                            10.000     10.000
  clock network delay (ideal)                       0.000     10.000
  clock uncertainty                                -0.200      9.800
  output external delay                            -2.500      7.300
  data required time                                           7.300
  ---------------------------------------------------------------------
  data required time                                           7.300
  data arrival time                                           -0.534
  ---------------------------------------------------------------------
  slack (MET)                                                  6.766


  Startpoint: p_reg_20_ (rising edge-triggered flip-flop clocked by CLK)
  Endpoint: result[20] (output port clocked by CLK)
  Path Group: f2o
  Path Type: max

  Des/Clust/Port     Wire Load Model       Library
  ------------------------------------------------
  mkTest             540000                tsl18fs120_scl_ss

  Point                           Cap     Trans      Incr       Path
  ---------------------------------------------------------------------
  clock CLK (rise edge)                             0.000      0.000
  clock network delay (ideal)                       0.000      0.000
  p_reg_20_/CP (denrq1)                   0.000     0.000      0.000 r
  p_reg_20_/Q (denrq1)          0.006     0.116     0.534      0.534 r
  result[20] (out)                        0.116     0.000      0.534 r
  data arrival time                                            0.534

  clock CLK (rise edge)                            10.000     10.000
  clock network delay (ideal)                       0.000     10.000
  clock uncertainty                                -0.200      9.800
  output external delay                            -2.500      7.300
  data required time                                           7.300
  ---------------------------------------------------------------------
  data required time                                           7.300
  data arrival time                                           -0.534
  ---------------------------------------------------------------------
  slack (MET)                                                  6.766


  Startpoint: p_reg_19_ (rising edge-triggered flip-flop clocked by CLK)
  Endpoint: result[19] (output port clocked by CLK)
  Path Group: f2o
  Path Type: max

  Des/Clust/Port     Wire Load Model       Library
  ------------------------------------------------
  mkTest             540000                tsl18fs120_scl_ss

  Point                           Cap     Trans      Incr       Path
  ---------------------------------------------------------------------
  clock CLK (rise edge)                             0.000      0.000
  clock network delay (ideal)                       0.000      0.000
  p_reg_19_/CP (denrq1)                   0.000     0.000      0.000 r
  p_reg_19_/Q (denrq1)          0.006     0.116     0.534      0.534 r
  result[19] (out)                        0.116     0.000      0.534 r
  data arrival time                                            0.534

  clock CLK (rise edge)                            10.000     10.000
  clock network delay (ideal)                       0.000     10.000
  clock uncertainty                                -0.200      9.800
  output external delay                            -2.500      7.300
  data required time                                           7.300
  ---------------------------------------------------------------------
  data required time                                           7.300
  data arrival time                                           -0.534
  ---------------------------------------------------------------------
  slack (MET)                                                  6.766


  Startpoint: p_reg_18_ (rising edge-triggered flip-flop clocked by CLK)
  Endpoint: result[18] (output port clocked by CLK)
  Path Group: f2o
  Path Type: max

  Des/Clust/Port     Wire Load Model       Library
  ------------------------------------------------
  mkTest             540000                tsl18fs120_scl_ss

  Point                           Cap     Trans      Incr       Path
  ---------------------------------------------------------------------
  clock CLK (rise edge)                             0.000      0.000
  clock network delay (ideal)                       0.000      0.000
  p_reg_18_/CP (denrq1)                   0.000     0.000      0.000 r
  p_reg_18_/Q (denrq1)          0.006     0.116     0.534      0.534 r
  result[18] (out)                        0.116     0.000      0.534 r
  data arrival time                                            0.534

  clock CLK (rise edge)                            10.000     10.000
  clock network delay (ideal)                       0.000     10.000
  clock uncertainty                                -0.200      9.800
  output external delay                            -2.500      7.300
  data required time                                           7.300
  ---------------------------------------------------------------------
  data required time                                           7.300
  data arrival time                                           -0.534
  ---------------------------------------------------------------------
  slack (MET)                                                  6.766


  Startpoint: p_reg_16_ (rising edge-triggered flip-flop clocked by CLK)
  Endpoint: result[16] (output port clocked by CLK)
  Path Group: f2o
  Path Type: max

  Des/Clust/Port     Wire Load Model       Library
  ------------------------------------------------
  mkTest             540000                tsl18fs120_scl_ss

  Point                           Cap     Trans      Incr       Path
  ---------------------------------------------------------------------
  clock CLK (rise edge)                             0.000      0.000
  clock network delay (ideal)                       0.000      0.000
  p_reg_16_/CP (denrq1)                   0.000     0.000      0.000 r
  p_reg_16_/Q (denrq1)          0.006     0.116     0.534      0.534 r
  result[16] (out)                        0.116     0.000      0.534 r
  data arrival time                                            0.534

  clock CLK (rise edge)                            10.000     10.000
  clock network delay (ideal)                       0.000     10.000
  clock uncertainty                                -0.200      9.800
  output external delay                            -2.500      7.300
  data required time                                           7.300
  ---------------------------------------------------------------------
  data required time                                           7.300
  data arrival time                                           -0.534
  ---------------------------------------------------------------------
  slack (MET)                                                  6.766


  Startpoint: p_reg_15_ (rising edge-triggered flip-flop clocked by CLK)
  Endpoint: result[15] (output port clocked by CLK)
  Path Group: f2o
  Path Type: max

  Des/Clust/Port     Wire Load Model       Library
  ------------------------------------------------
  mkTest             540000                tsl18fs120_scl_ss

  Point                           Cap     Trans      Incr       Path
  ---------------------------------------------------------------------
  clock CLK (rise edge)                             0.000      0.000
  clock network delay (ideal)                       0.000      0.000
  p_reg_15_/CP (denrq1)                   0.000     0.000      0.000 r
  p_reg_15_/Q (denrq1)          0.006     0.116     0.534      0.534 r
  result[15] (out)                        0.116     0.000      0.534 r
  data arrival time                                            0.534

  clock CLK (rise edge)                            10.000     10.000
  clock network delay (ideal)                       0.000     10.000
  clock uncertainty                                -0.200      9.800
  output external delay                            -2.500      7.300
  data required time                                           7.300
  ---------------------------------------------------------------------
  data required time                                           7.300
  data arrival time                                           -0.534
  ---------------------------------------------------------------------
  slack (MET)                                                  6.766


  Startpoint: p_reg_8_ (rising edge-triggered flip-flop clocked by CLK)
  Endpoint: result[8] (output port clocked by CLK)
  Path Group: f2o
  Path Type: max

  Des/Clust/Port     Wire Load Model       Library
  ------------------------------------------------
  mkTest             540000                tsl18fs120_scl_ss

  Point                           Cap     Trans      Incr       Path
  ---------------------------------------------------------------------
  clock CLK (rise edge)                             0.000      0.000
  clock network delay (ideal)                       0.000      0.000
  p_reg_8_/CP (denrq1)                    0.000     0.000      0.000 r
  p_reg_8_/Q (denrq1)           0.006     0.116     0.534      0.534 r
  result[8] (out)                         0.116     0.000      0.534 r
  data arrival time                                            0.534

  clock CLK (rise edge)                            10.000     10.000
  clock network delay (ideal)                       0.000     10.000
  clock uncertainty                                -0.200      9.800
  output external delay                            -2.500      7.300
  data required time                                           7.300
  ---------------------------------------------------------------------
  data required time                                           7.300
  data arrival time                                           -0.534
  ---------------------------------------------------------------------
  slack (MET)                                                  6.766


  Startpoint: p_reg_7_ (rising edge-triggered flip-flop clocked by CLK)
  Endpoint: result[7] (output port clocked by CLK)
  Path Group: f2o
  Path Type: max

  Des/Clust/Port     Wire Load Model       Library
  ------------------------------------------------
  mkTest             540000                tsl18fs120_scl_ss

  Point                           Cap     Trans      Incr       Path
  ---------------------------------------------------------------------
  clock CLK (rise edge)                             0.000      0.000
  clock network delay (ideal)                       0.000      0.000
  p_reg_7_/CP (denrq1)                    0.000     0.000      0.000 r
  p_reg_7_/Q (denrq1)           0.006     0.116     0.534      0.534 r
  result[7] (out)                         0.116     0.000      0.534 r
  data arrival time                                            0.534

  clock CLK (rise edge)                            10.000     10.000
  clock network delay (ideal)                       0.000     10.000
  clock uncertainty                                -0.200      9.800
  output external delay                            -2.500      7.300
  data required time                                           7.300
  ---------------------------------------------------------------------
  data required time                                           7.300
  data arrival time                                           -0.534
  ---------------------------------------------------------------------
  slack (MET)                                                  6.766


  Startpoint: p_reg_6_ (rising edge-triggered flip-flop clocked by CLK)
  Endpoint: result[6] (output port clocked by CLK)
  Path Group: f2o
  Path Type: max

  Des/Clust/Port     Wire Load Model       Library
  ------------------------------------------------
  mkTest             540000                tsl18fs120_scl_ss

  Point                           Cap     Trans      Incr       Path
  ---------------------------------------------------------------------
  clock CLK (rise edge)                             0.000      0.000
  clock network delay (ideal)                       0.000      0.000
  p_reg_6_/CP (denrq1)                    0.000     0.000      0.000 r
  p_reg_6_/Q (denrq1)           0.006     0.116     0.534      0.534 r
  result[6] (out)                         0.116     0.000      0.534 r
  data arrival time                                            0.534

  clock CLK (rise edge)                            10.000     10.000
  clock network delay (ideal)                       0.000     10.000
  clock uncertainty                                -0.200      9.800
  output external delay                            -2.500      7.300
  data required time                                           7.300
  ---------------------------------------------------------------------
  data required time                                           7.300
  data arrival time                                           -0.534
  ---------------------------------------------------------------------
  slack (MET)                                                  6.766


  Startpoint: p_reg_5_ (rising edge-triggered flip-flop clocked by CLK)
  Endpoint: result[5] (output port clocked by CLK)
  Path Group: f2o
  Path Type: max

  Des/Clust/Port     Wire Load Model       Library
  ------------------------------------------------
  mkTest             540000                tsl18fs120_scl_ss

  Point                           Cap     Trans      Incr       Path
  ---------------------------------------------------------------------
  clock CLK (rise edge)                             0.000      0.000
  clock network delay (ideal)                       0.000      0.000
  p_reg_5_/CP (denrq1)                    0.000     0.000      0.000 r
  p_reg_5_/Q (denrq1)           0.006     0.116     0.534      0.534 r
  result[5] (out)                         0.116     0.000      0.534 r
  data arrival time                                            0.534

  clock CLK (rise edge)                            10.000     10.000
  clock network delay (ideal)                       0.000     10.000
  clock uncertainty                                -0.200      9.800
  output external delay                            -2.500      7.300
  data required time                                           7.300
  ---------------------------------------------------------------------
  data required time                                           7.300
  data arrival time                                           -0.534
  ---------------------------------------------------------------------
  slack (MET)                                                  6.766


  Startpoint: p_reg_4_ (rising edge-triggered flip-flop clocked by CLK)
  Endpoint: result[4] (output port clocked by CLK)
  Path Group: f2o
  Path Type: max

  Des/Clust/Port     Wire Load Model       Library
  ------------------------------------------------
  mkTest             540000                tsl18fs120_scl_ss

  Point                           Cap     Trans      Incr       Path
  ---------------------------------------------------------------------
  clock CLK (rise edge)                             0.000      0.000
  clock network delay (ideal)                       0.000      0.000
  p_reg_4_/CP (denrq1)                    0.000     0.000      0.000 r
  p_reg_4_/Q (denrq1)           0.006     0.116     0.534      0.534 r
  result[4] (out)                         0.116     0.000      0.534 r
  data arrival time                                            0.534

  clock CLK (rise edge)                            10.000     10.000
  clock network delay (ideal)                       0.000     10.000
  clock uncertainty                                -0.200      9.800
  output external delay                            -2.500      7.300
  data required time                                           7.300
  ---------------------------------------------------------------------
  data required time                                           7.300
  data arrival time                                           -0.534
  ---------------------------------------------------------------------
  slack (MET)                                                  6.766


  Startpoint: p_reg_3_ (rising edge-triggered flip-flop clocked by CLK)
  Endpoint: result[3] (output port clocked by CLK)
  Path Group: f2o
  Path Type: max

  Des/Clust/Port     Wire Load Model       Library
  ------------------------------------------------
  mkTest             540000                tsl18fs120_scl_ss

  Point                           Cap     Trans      Incr       Path
  ---------------------------------------------------------------------
  clock CLK (rise edge)                             0.000      0.000
  clock network delay (ideal)                       0.000      0.000
  p_reg_3_/CP (denrq1)                    0.000     0.000      0.000 r
  p_reg_3_/Q (denrq1)           0.006     0.116     0.534      0.534 r
  result[3] (out)                         0.116     0.000      0.534 r
  data arrival time                                            0.534

  clock CLK (rise edge)                            10.000     10.000
  clock network delay (ideal)                       0.000     10.000
  clock uncertainty                                -0.200      9.800
  output external delay                            -2.500      7.300
  data required time                                           7.300
  ---------------------------------------------------------------------
  data required time                                           7.300
  data arrival time                                           -0.534
  ---------------------------------------------------------------------
  slack (MET)                                                  6.766


  Startpoint: p_reg_2_ (rising edge-triggered flip-flop clocked by CLK)
  Endpoint: result[2] (output port clocked by CLK)
  Path Group: f2o
  Path Type: max

  Des/Clust/Port     Wire Load Model       Library
  ------------------------------------------------
  mkTest             540000                tsl18fs120_scl_ss

  Point                           Cap     Trans      Incr       Path
  ---------------------------------------------------------------------
  clock CLK (rise edge)                             0.000      0.000
  clock network delay (ideal)                       0.000      0.000
  p_reg_2_/CP (denrq1)                    0.000     0.000      0.000 r
  p_reg_2_/Q (denrq1)           0.006     0.116     0.534      0.534 r
  result[2] (out)                         0.116     0.000      0.534 r
  data arrival time                                            0.534

  clock CLK (rise edge)                            10.000     10.000
  clock network delay (ideal)                       0.000     10.000
  clock uncertainty                                -0.200      9.800
  output external delay                            -2.500      7.300
  data required time                                           7.300
  ---------------------------------------------------------------------
  data required time                                           7.300
  data arrival time                                           -0.534
  ---------------------------------------------------------------------
  slack (MET)                                                  6.766


  Startpoint: p_reg_1_ (rising edge-triggered flip-flop clocked by CLK)
  Endpoint: result[1] (output port clocked by CLK)
  Path Group: f2o
  Path Type: max

  Des/Clust/Port     Wire Load Model       Library
  ------------------------------------------------
  mkTest             540000                tsl18fs120_scl_ss

  Point                           Cap     Trans      Incr       Path
  ---------------------------------------------------------------------
  clock CLK (rise edge)                             0.000      0.000
  clock network delay (ideal)                       0.000      0.000
  p_reg_1_/CP (denrq1)                    0.000     0.000      0.000 r
  p_reg_1_/Q (denrq1)           0.006     0.116     0.534      0.534 r
  result[1] (out)                         0.116     0.000      0.534 r
  data arrival time                                            0.534

  clock CLK (rise edge)                            10.000     10.000
  clock network delay (ideal)                       0.000     10.000
  clock uncertainty                                -0.200      9.800
  output external delay                            -2.500      7.300
  data required time                                           7.300
  ---------------------------------------------------------------------
  data required time                                           7.300
  data arrival time                                           -0.534
  ---------------------------------------------------------------------
  slack (MET)                                                  6.766


  Startpoint: p_reg_0_ (rising edge-triggered flip-flop clocked by CLK)
  Endpoint: result[0] (output port clocked by CLK)
  Path Group: f2o
  Path Type: max

  Des/Clust/Port     Wire Load Model       Library
  ------------------------------------------------
  mkTest             540000                tsl18fs120_scl_ss

  Point                           Cap     Trans      Incr       Path
  ---------------------------------------------------------------------
  clock CLK (rise edge)                             0.000      0.000
  clock network delay (ideal)                       0.000      0.000
  p_reg_0_/CP (denrq1)                    0.000     0.000      0.000 r
  p_reg_0_/Q (denrq1)           0.006     0.116     0.534      0.534 r
  result[0] (out)                         0.116     0.000      0.534 r
  data arrival time                                            0.534

  clock CLK (rise edge)                            10.000     10.000
  clock network delay (ideal)                       0.000     10.000
  clock uncertainty                                -0.200      9.800
  output external delay                            -2.500      7.300
  data required time                                           7.300
  ---------------------------------------------------------------------
  data required time                                           7.300
  data arrival time                                           -0.534
  ---------------------------------------------------------------------
  slack (MET)                                                  6.766


1
